Success (2):
content 67012 _a-0000ef1a-1cec-8000-9c55-011c48011c48_681025 "MMVA_latestYearlyReport"
content 67014 _a-0000ef1a-1cec-8000-9c55-011c48011c48_681037 "MMVA_getLatestYearlyReport"

Referenced precedents that were not exported (1):
content 39462 cdc99331-32be-4cc4-bd08-92476497169f

Trace:
2026-01-08 10:23:18.341 DEBUG content 67012 _a-0000ef1a-1cec-8000-9c55-011c48011c48_681025 Begin transport.
2026-01-08 10:23:18.341 DEBUG content 67012 _a-0000ef1a-1cec-8000-9c55-011c48011c48_681025 Retrieving object data.
2026-01-08 10:23:18.357 DEBUG content 67012 _a-0000ef1a-1cec-8000-9c55-011c48011c48_681025 Setting uuids of object references.
2026-01-08 10:23:18.357 DEBUG content 67012 _a-0000ef1a-1cec-8000-9c55-011c48011c48_681025 Processing reference: [Content:id=67011,versionId=-1,name=MMVA_latestYearlyReport,type=32,subtype=6,uuid=_a-0000ef1a-1cec-8000-9c55-011c48011c48_681025,parent=39462]
2026-01-08 10:23:18.373 DEBUG content 67012 _a-0000ef1a-1cec-8000-9c55-011c48011c48_681025 Processing reference: Interface.forum
2026-01-08 10:23:18.373 DEBUG content 67012 _a-0000ef1a-1cec-8000-9c55-011c48011c48_681025 Processing reference: Interface.parent
2026-01-08 10:23:18.376 DEBUG content 67012 _a-0000ef1a-1cec-8000-9c55-011c48011c48_681025 Processing reference: com.appiancorp.suiteapi.content.ContentRoleMap@2b917598[
  ContentRole[name=readers,inherit=true,allowForAll=false]
  ContentRole[name=authors,inherit=true,allowForAll=false]
  ContentRole[name=administrators,inherit=true,allowForAll=false]
  ContentRole[name=denyReaders,inherit=false,allowForAll=false]
  ContentRole[name=denyAuthors,inherit=false,allowForAll=false]
  ContentRole[name=denyAdministrators,inherit=false,allowForAll=false]
  securityVector=15:SEC_PUBLIC=true,SEC_CREATOR_ADMIN=false,SEC_INH_ADMIN=true,SEC_INH_EDITOR=true,SEC_INH_VIEWER=true,SEC_ALL_ADMIN=false,SEC_ALL_EDITOR=false,SEC_ALL_VIEWER=false
]
2026-01-08 10:23:18.376 DEBUG content 67012 _a-0000ef1a-1cec-8000-9c55-011c48011c48_681025 Processing reference: ContentRole[name=readers,inherit=true,allowForAll=false]
2026-01-08 10:23:18.376 DEBUG content 67012 _a-0000ef1a-1cec-8000-9c55-011c48011c48_681025 Processing reference: ContentRole[name=authors,inherit=true,allowForAll=false]
2026-01-08 10:23:18.376 DEBUG content 67012 _a-0000ef1a-1cec-8000-9c55-011c48011c48_681025 Processing reference: ContentRole[name=administrators,inherit=true,allowForAll=false]
2026-01-08 10:23:18.376 DEBUG content 67012 _a-0000ef1a-1cec-8000-9c55-011c48011c48_681025 Processing reference: ContentRole[name=denyReaders,inherit=false,allowForAll=false]
2026-01-08 10:23:18.376 DEBUG content 67012 _a-0000ef1a-1cec-8000-9c55-011c48011c48_681025 Processing reference: ContentRole[name=denyAuthors,inherit=false,allowForAll=false]
2026-01-08 10:23:18.376 DEBUG content 67012 _a-0000ef1a-1cec-8000-9c55-011c48011c48_681025 Processing reference: ContentRole[name=denyAdministrators,inherit=false,allowForAll=false]
2026-01-08 10:23:18.377 DEBUG content 67012 _a-0000ef1a-1cec-8000-9c55-011c48011c48_681025 Exporting binary resources.
2026-01-08 10:23:18.377 DEBUG content 67012 _a-0000ef1a-1cec-8000-9c55-011c48011c48_681025 Serializing object to XML.
2026-01-08 10:23:18.38 DEBUG content 67012 _a-0000ef1a-1cec-8000-9c55-011c48011c48_681025 Object transported.
2026-01-08 10:23:18.38 DEBUG content 67014 _a-0000ef1a-1cec-8000-9c55-011c48011c48_681037 Begin transport.
2026-01-08 10:23:18.38 DEBUG content 67014 _a-0000ef1a-1cec-8000-9c55-011c48011c48_681037 Retrieving object data.
2026-01-08 10:23:18.392 DEBUG content 67014 _a-0000ef1a-1cec-8000-9c55-011c48011c48_681037 Setting uuids of object references.
2026-01-08 10:23:18.392 DEBUG content 67014 _a-0000ef1a-1cec-8000-9c55-011c48011c48_681037 Processing reference: [Content:id=67013,versionId=-1,name=MMVA_getLatestYearlyReport,type=32,subtype=1,uuid=_a-0000ef1a-1cec-8000-9c55-011c48011c48_681037,parent=39462]
2026-01-08 10:23:18.392 DEBUG content 67014 _a-0000ef1a-1cec-8000-9c55-011c48011c48_681037 Processing reference: FreeformRule.forum
2026-01-08 10:23:18.393 DEBUG content 67014 _a-0000ef1a-1cec-8000-9c55-011c48011c48_681037 Processing reference: FreeformRule.parent
2026-01-08 10:23:18.395 DEBUG content 67014 _a-0000ef1a-1cec-8000-9c55-011c48011c48_681037 Processing reference: com.appiancorp.suiteapi.content.ContentRoleMap@959a3e4[
  ContentRole[name=readers,inherit=true,allowForAll=false]
  ContentRole[name=authors,inherit=true,allowForAll=false]
  ContentRole[name=administrators,inherit=true,allowForAll=false]
  ContentRole[name=denyReaders,inherit=false,allowForAll=false]
  ContentRole[name=denyAuthors,inherit=false,allowForAll=false]
  ContentRole[name=denyAdministrators,inherit=false,allowForAll=false]
  securityVector=15:SEC_PUBLIC=true,SEC_CREATOR_ADMIN=false,SEC_INH_ADMIN=true,SEC_INH_EDITOR=true,SEC_INH_VIEWER=true,SEC_ALL_ADMIN=false,SEC_ALL_EDITOR=false,SEC_ALL_VIEWER=false
]
2026-01-08 10:23:18.395 DEBUG content 67014 _a-0000ef1a-1cec-8000-9c55-011c48011c48_681037 Processing reference: ContentRole[name=readers,inherit=true,allowForAll=false]
2026-01-08 10:23:18.395 DEBUG content 67014 _a-0000ef1a-1cec-8000-9c55-011c48011c48_681037 Processing reference: ContentRole[name=authors,inherit=true,allowForAll=false]
2026-01-08 10:23:18.395 DEBUG content 67014 _a-0000ef1a-1cec-8000-9c55-011c48011c48_681037 Processing reference: ContentRole[name=administrators,inherit=true,allowForAll=false]
2026-01-08 10:23:18.395 DEBUG content 67014 _a-0000ef1a-1cec-8000-9c55-011c48011c48_681037 Processing reference: ContentRole[name=denyReaders,inherit=false,allowForAll=false]
2026-01-08 10:23:18.395 DEBUG content 67014 _a-0000ef1a-1cec-8000-9c55-011c48011c48_681037 Processing reference: ContentRole[name=denyAuthors,inherit=false,allowForAll=false]
2026-01-08 10:23:18.395 DEBUG content 67014 _a-0000ef1a-1cec-8000-9c55-011c48011c48_681037 Processing reference: ContentRole[name=denyAdministrators,inherit=false,allowForAll=false]
2026-01-08 10:23:18.395 DEBUG content 67014 _a-0000ef1a-1cec-8000-9c55-011c48011c48_681037 Exporting binary resources.
2026-01-08 10:23:18.395 DEBUG content 67014 _a-0000ef1a-1cec-8000-9c55-011c48011c48_681037 Serializing object to XML.
2026-01-08 10:23:18.396 DEBUG content 67014 _a-0000ef1a-1cec-8000-9c55-011c48011c48_681037 Object transported.
